[www.wiserworld.in/index.html]
[backblue.gif]
[fade.gif]
[index.html]
[www.wiserworld.in/wp-content/cache/autoptimize/css/autoptimize_f3614737eee9e6f892bbc90935223c20.css]
[www.wiserworld.in/feed/index.html]
[www.wiserworld.in/comments/feed/index.html]
[www.wiserworld.in/wp-includes/js/jquery/jquery.minaf6c.js]
[www.wiserworld.in/xmlrpc0db0.php]
[www.wiserworld.in/wp-json/index.html]
[www.wiserworld.in/wp-includes/wlwmanifest.xml]
[www.wiserworld.in/page/2/index.html]
[pagead2.googlesyndication.com/pagead/js/f.txt]
[www.wiserworld.in/wp-content/uploads/2020/09/Asset-1-10011-150x150.png]
[www.wiserworld.in/wp-content/uploads/2020/09/Asset-1-10011.png]
[www.wiserworld.in/wp-content/uploads/2020/09/cropped-Untitled-design2-2.jpg]
[www.wiserworld.in/work-with-us/index.html]
[www.wiserworld.in/wp-content/uploads/2020/09/cropped-Adobe_Post_20200914_1424200.592281818239676.png]
[www.wiserworld.in/write-for-us/index.html]
[www.wiserworld.in/wp-content/uploads/2021/09/Picture1-min-1000x574.jpg]
[www.wiserworld.in/wp-content/uploads/2021/06/bloombergquint_2017-12_31090086-967a-42f4-b1d6-6de60e2e2f74_330e6091-a3d9-42dd-9dfb-3ae46918f229-1000x538.jpg]
[www.wiserworld.in/privacy-policy/index.html]
[www.wiserworld.in/terms-conditions/index.html]
[www.wiserworld.in/wp-content/uploads/2021/06/печать-199692573.jpg]
[www.wiserworld.in/category/regions/index.html]
[www.wiserworld.in/wp-content/uploads/2021/05/financemodel22-e1622281638284.png]
[www.wiserworld.in/category/regions/africa/index.html]
[www.wiserworld.in/category/regions/asia/index.html]
[www.wiserworld.in/wp-content/uploads/2021/09/Picture1-min-150x150.jpg]
[www.wiserworld.in/category/regions/europe/index.html]
[www.wiserworld.in/wp-content/uploads/2021/06/bloombergquint_2017-12_31090086-967a-42f4-b1d6-6de60e2e2f74_330e6091-a3d9-42dd-9dfb-3ae46918f229-150x150.jpg]
[www.wiserworld.in/category/regions/indian-subcontinent/index.html]
[www.wiserworld.in/wp-content/uploads/2021/06/печать-199692573-150x150.jpg]
[www.wiserworld.in/wp-content/uploads/2021/05/financemodel22-150x150.png]
[www.wiserworld.in/category/regions/middle-east/index.html]
[www.wiserworld.in/wp-content/uploads/2021/05/WhatsApp-Image-2021-05-23-at-10.31.34-AM-min-150x150.jpg]
[www.wiserworld.in/category/regions/the-pacific-east-and-southeast-asia/index.html]
[www.wiserworld.in/wp-content/uploads/2021/05/image-150x150.jpg]
[www.wiserworld.in/category/regions/usa-and-canada/index.html]
[www.wiserworld.in/category/regions/world/index.html]
[www.wiserworld.in/wp-content/uploads/2021/05/National-Population-Policy-150x150.jpg]
[www.wiserworld.in/category/topics/art-culture/index.html]
[www.wiserworld.in/wp-content/uploads/2021/03/The-Mahatma-Gandhi-statue-which-was-unveiled-in-Parliament-Square-150x150.jpg]
[www.wiserworld.in/category/topics/climate-and-environment/index.html]
[www.wiserworld.in/category/topics/index.html]
[www.wiserworld.in/wp-content/uploads/2021/03/95874-min-150x150.jpg]
[www.wiserworld.in/category/topics/development/index.html]
[www.wiserworld.in/category/topics/defence-security/index.html]
[www.wiserworld.in/wp-content/uploads/2021/03/WhatsApp-Image-2021-03-19-at-8.32.22-AM-min-150x150.jpg]
[www.wiserworld.in/wp-content/uploads/2021/09/Picture1-min-783x450.jpg]
[www.wiserworld.in/category/topics/food-and-agriculture/index.html]
[www.wiserworld.in/category/geopolitics/index.html]
[www.wiserworld.in/category/topics/development-partnership/index.html]
[www.wiserworld.in/wp-content/uploads/2021/06/bloombergquint_2017-12_31090086-967a-42f4-b1d6-6de60e2e2f74_330e6091-a3d9-42dd-9dfb-3ae46918f229-783x450.jpg]
[www.wiserworld.in/category/topics/domestic-politics-governance/index.html]
[www.wiserworld.in/wp-content/uploads/2021/06/печать-199692573-783x450.jpg]
[www.wiserworld.in/category/topics/politics-and-conflicts/index.html]
[www.wiserworld.in/wp-content/uploads/2021/05/financemodel22-783x450.png]
[www.wiserworld.in/category/topics/healthcare/index.html]
[www.wiserworld.in/wp-content/uploads/2021/05/WhatsApp-Image-2021-05-23-at-10.31.34-AM-min-783x450.jpg]
[www.wiserworld.in/category/law/index.html]
[www.wiserworld.in/wp-content/uploads/2021/05/image-783x450.jpg]
[www.wiserworld.in/category/topics/psychology/index.html]
[www.wiserworld.in/wp-content/uploads/2021/05/National-Population-Policy-783x445.jpg]
[www.wiserworld.in/category/business/index.html]
[www.wiserworld.in/wp-content/uploads/2021/03/The-Mahatma-Gandhi-statue-which-was-unveiled-in-Parliament-Square.jpg]
[www.wiserworld.in/category/business/energy/index.html]
[www.wiserworld.in/wp-content/uploads/2021/03/95874-min-783x450.jpg]
[www.wiserworld.in/category/business/science-and-technology/index.html]
[www.wiserworld.in/category/business/economics-and-finance/index.html]
[www.wiserworld.in/wp-content/uploads/2021/03/download-2-150x150.jpg]
[www.wiserworld.in/wp-content/uploads/2021/03/2943555-min-150x150.jpg]
[www.wiserworld.in/category/special-edition/index.html]
[www.wiserworld.in/wp-content/uploads/2021/03/WhatsApp-Image-2021-03-19-at-8.32.22-AM-min-1000x574.jpg]
[www.wiserworld.in/category/review/index.html]
[www.wiserworld.in/about/index.html]
[www.wiserworld.in/category/opinion/index.html]
[www.wiserworld.in/wp-content/uploads/2021/03/WhatsApp-Image-2021-03-16-at-12.32.04-AM-min-1000x574.jpg]
[www.wiserworld.in/testimonials/index.html]
[www.wiserworld.in/contact-us/index.html]
[www.wiserworld.in/wp-content/uploads/2021/03/WhatsApp-Image-2021-03-06-at-2.36.14-PM-1-min-1000x574.jpg]
[www.wiserworld.in/fintech-technologie-dans-la-finance/index.html]
[www.wiserworld.in/wp-content/uploads/2021/02/Screenshot_2021-02-21-0-46897800-1491145440-0-32825900-1491145424-raj-1538-jpg-WEBP-Image-1155-×-548-pixels-min-1000x574.jpg]
[www.wiserworld.in/evolution-of-indian-foreign-trade-policy/index.html]
[www.wiserworld.in/the-capital-asset-pricing-model-explained/index.html]
[www.wiserworld.in/wp-content/uploads/2021/02/WhatsApp-Image-2021-02-14-at-2.29.39-PM-min-1000x574.jpg]
[www.wiserworld.in/the-6-most-relevant-financial-models-used-by-professionals-today/index.html]
[www.wiserworld.in/wp-content/uploads/2021/02/1080px-BSE_building_at_Dalal_Street-min-1000x574.jpg]
[www.wiserworld.in/category/corporate-finance/index.html]
[www.wiserworld.in/wp-content/uploads/2021/02/wallpaperflare.com_wallpaper-min-1000x574.jpg]
[www.wiserworld.in/category/valuation/index.html]
[www.wiserworld.in/wp-content/uploads/2021/01/Union-Budget-2021-22-16-October-general-budget-countdown-to-begin-india-hindi-news-1.jpg]
[www.wiserworld.in/negativity-bias-in-media-reporting-causes-and-effects/index.html]
[www.wiserworld.in/gender-specific-population-control-policies-in-india/index.html]
[www.wiserworld.in/wp-content/uploads/2021/01/WhatsApp-Image-2021-01-16-at-8.17.58-PM-1000x574.jpg]
[www.wiserworld.in/national-population-policy-of-india-2000/index.html]
[www.wiserworld.in/wp-content/uploads/2021/01/Funding_coins_181025.jpg]
[www.wiserworld.in/the-relevance-of-gandhi-in-todays-time/index.html]
[www.wiserworld.in/wp-content/uploads/2021/01/5f6e33361fbb1b0019638ad2-min-1-1000x574.jpg]
[www.wiserworld.in/jamal-khashoggi-murder-saudi-us-relation-recalibration/index.html]
[www.wiserworld.in/wp-content/uploads/2020/12/GettyImages-1006219322-min-e1609493108881.jpg]
[www.wiserworld.in/weaving-indias-journey-for-5-trillion-economy-the-state-centric-approach/index.html]
[www.wiserworld.in/wp-content/uploads/2021/02/05b8e7_1db2167996eb432c811ab59a013a6a0d_mv2-copy-150x150.jpg]
[www.wiserworld.in/category/topics/gender/index.html]
[www.wiserworld.in/wp-content/uploads/2020/10/Indias-Foreign-Policy-Weekly-Report-Edition-1-150x150.png]
[www.wiserworld.in/wp-content/uploads/2020/12/macron-prot-150x150.jpg]
[www.wiserworld.in/category/brief/index.html]
[www.wiserworld.in/category/history/index.html]
[www.wiserworld.in/wp-content/uploads/2021/09/Picture1-min-1170x752.jpg]
[www.wiserworld.in/category/terrorism/index.html]
[www.wiserworld.in/the-dilemma-of-middle-eastern-cinema/index.html]
[www.wiserworld.in/wp-content/uploads/2021/06/bloombergquint_2017-12_31090086-967a-42f4-b1d6-6de60e2e2f74_330e6091-a3d9-42dd-9dfb-3ae46918f229.jpg]
[www.wiserworld.in/9-11-attack-the-rift-that-defines-the-east-and-the-west/index.html]
[www.wiserworld.in/an-outlook-of-february-2021-stock-market-analysis/index.html]
[www.wiserworld.in/wp-content/uploads/2021/05/WhatsApp-Image-2021-05-23-at-10.31.34-AM-min-1170x657.jpg]
[www.wiserworld.in/one-nation-one-grid-gas-project/index.html]
[www.wiserworld.in/wp-content/uploads/2021/05/image.jpg]
[www.wiserworld.in/boost-in-infrastructure-of-kashmir/index.html]
[www.wiserworld.in/wp-content/uploads/2021/05/National-Population-Policy.jpg]
[www.wiserworld.in/precious-metals-and-impact-on-world-economy/index.html]
[www.wiserworld.in/wp-content/uploads/2021/03/95874-min-1170x780.jpg]
[www.wiserworld.in/indian-stock-market-analysis-january-2021/index.html]
[www.wiserworld.in/wp-content/uploads/2021/03/WhatsApp-Image-2021-03-19-at-8.32.22-AM-min-1170x687.jpg]
[www.wiserworld.in/reddit-v-wall-street-the-gamestop-fiasco-explained/index.html]
[connect.facebook.net/en_US/all.js]
[www.wiserworld.in/pre-budget-analysis-2021-22-never-before-in-100-years/index.html]
[www.wiserworld.in/litigation-financing-third-party-funding/index.html]
[www.wiserworld.in/mrs-bectors-cremica-biscuits-and-breads-sauces-and-spreads/index.html]
[www.wiserworld.in/global-market-analysis-an-overview-of-december-2020/index.html]
[www.wiserworld.in/gig-economy-reshaping-the-post-covid-19-era-of-work/index.html]
[www.wiserworld.in/india-china-bilateral-relations-confrontation-conciliation/index.html]
[www.wiserworld.in/indias-foreign-policy-report-edition-9/index.html]
[www.wiserworld.in/foreign-policy-weekly-report-edition-7/index.html]
[www.wiserworld.in/paris-protests-against-macrons-security-law/index.html]
[www.wiserworld.in/indian-foreign-policy-report-edition-6/index.html]
[www.wiserworld.in/indian-foreign-policy-report-edition-5/index.html]
[www.wiserworld.in/author/rayyan/index.html]
[www.wiserworld.in/author/akshita-kumar/index.html]
[www.wiserworld.in/author/arati-jose/index.html]
[www.wiserworld.in/author/iqra-khan/index.html]
[www.wiserworld.in/author/ratnadityasinh-chavda/index.html]
[www.wiserworld.in/author/antara-roy/index.html]
[www.wiserworld.in/page/3/index.html]
[www.wiserworld.in/page/22/index.html]
[www.wiserworld.in/forest-fires-the-new-normal/index.html]
[www.wiserworld.in/green-revolution-success-story-of-indian-agricultural-economy/index.html]
[www.wiserworld.in/pendency-of-cases-in-india-justice-delayed-is-justice-denied/index.html]
[www.wiserworld.in/innocence-lost-juvenile-delinquency/index.html]
[app.convertful.com/Convertful8bd8.js]
[platform.twitter.com/widgets.js]
[www.wiserworld.in/wp-includes/js/jquery/jquery-migrate.min080f.js]
[www.wiserworld.in/index.html]
[www.wiserworld.in/wp-content/plugins/themeisle-companion/obfx_modules/gutenberg-blocks/assets/fontawesome/webfonts/fa-brands-400.eot]
[www.wiserworld.in/wp-content/plugins/testimonial-free/public/assets/fonts/fontawesome-webfont5b62.eot]
[www.wiserworld.in/wp-content/cache/autoptimize/js/autoptimize_6e1976d47df801f6d7922faaf3233fd7.js]
[www.wiserworld.in/wp-includes/js/jquery/jqueryaf6c.js]
[www.wiserworld.in/wp-content/themes/refined-magazine/candidthemes/assets/framework/Font-Awesome/fonts/fontawesome-webfont3e6e.eot]
[www.wiserworld.in/wp-content/themes/refined-magazine/candidthemes/assets/framework/slick/ajax-loader.gif]
[www.wiserworld.in/wp-content/cache/autoptimize/css/autoptimize_f3614737eee9e6f892bbc90935223c20.css]
[www.wiserworld.in/wp-content/uploads/2021/03/WhatsApp-Image-2021-03-16-at-12.32.04-AM-min-1170x658.jpg]
[www.wiserworld.in/wp-content/uploads/2021/03/download-2-1170x614.jpg]
[www.wiserworld.in/wp-content/uploads/2021/03/WhatsApp-Image-2021-03-06-at-2.36.14-PM-1-min-1170x657.jpg]
[www.wiserworld.in/author/pragya-singh/index.html]
[www.wiserworld.in/wp-content/uploads/2021/03/download-1-1170x463.jpg]
[www.wiserworld.in/wp-content/uploads/2021/03/2943555-min.jpg]
[www.wiserworld.in/spiritual-degeneracy-cataclysm-of-destruction/index.html]
[www.wiserworld.in/author/wiserworld/index.html]
[www.wiserworld.in/wp-content/uploads/2021/02/menstrual-cup-1170x658.jpg]
[www.wiserworld.in/author/nargis/index.html]
[www.wiserworld.in/wp-content/uploads/2021/02/WhatsApp-Image-2021-02-27-at-2.33.36-PM-min-1170x658.jpg]
[www.wiserworld.in/menstrual-cup-the-real-game-changer/index.html]
[www.wiserworld.in/wp-content/uploads/2021/02/05b8e7_1db2167996eb432c811ab59a013a6a0d_mv2-copy.jpg]
[www.wiserworld.in/author/aheli/index.html]
[www.wiserworld.in/wp-content/uploads/2021/02/wallpaperflare.com_wallpaper3-min-1170x780.jpg]
[www.wiserworld.in/in-the-shadow-of-happiness-in-india/index.html]
[www.wiserworld.in/wp-content/uploads/2021/02/Screenshot_2021-02-21-0-46897800-1491145440-0-32825900-1491145424-raj-1538-jpg-WEBP-Image-1155-×-548-pixels-min-1170x555.jpg]
[www.wiserworld.in/child-benefits-scandal-and-collapse-of-dutch-government/index.html]
[www.wiserworld.in/author/apoorva-iyer/index.html]
[www.wiserworld.in/page/2/index.html]
[www.wiserworld.in/wp-json/wp/v2/pages/1260.json]
[www.wiserworld.in/page/4/index.html]
[www.wiserworld.in/wp-json/oembed/1.0/embed95a3.json]
[www.wiserworld.in/wp-json/oembed/1.0/embed78c8]
[www.wiserworld.in/wp-content/uploads/2020/04/teamwork-quotes.png]
[www.wiserworld.in/work-with-us/index.html]
[www.wiserworld.in/2021/05/index.html]
[www.wiserworld.in/2021/09/index.html]
[www.wiserworld.in/2021/06/index.html]
[www.wiserworld.in/wp-json/wp/v2/pages/3324.json]
[www.wiserworld.in/2021/03/index.html]
[www.wiserworld.in/2021/02/index.html]
[www.wiserworld.in/wp-json/oembed/1.0/embed4fcb.json]
[www.wiserworld.in/2021/01/index.html]
[www.wiserworld.in/2020/12/index.html]
[www.wiserworld.in/wp-json/oembed/1.0/embed1c9f]
[www.wiserworld.in/write-for-us/index.html]
[www.wiserworld.in/2020/10/index.html]
[www.wiserworld.in/2020/09/index.html]
[www.wiserworld.in/2020/11/index.html]
[www.wiserworld.in/2020/07/index.html]
[www.wiserworld.in/2020/08/index.html]
[www.wiserworld.in/2020/06/index.html]
[www.wiserworld.in/wp-json/wp/v2/pages/1258.json]
[www.wiserworld.in/wp-json/oembed/1.0/embed7585.json]
[www.wiserworld.in/2020/04/index.html]
[www.wiserworld.in/2020/05/index.html]
[www.wiserworld.in/wp-json/oembed/1.0/embedcd40]
[www.wiserworld.in/privacy-policy/index.html]
[www.wiserworld.in/wp-json/wp/v2/pages/1259.json]
[www.wiserworld.in/wp-json/oembed/1.0/embed0c0f.json]
[www.wiserworld.in/wp-json/oembed/1.0/embed4721]
[www.wiserworld.in/terms-conditions/index.html]
[www.wiserworld.in/wp-json/wp/v2/categories/961.json]
[www.wiserworld.in/category/regions/feed/index.html]
[www.wiserworld.in/wp-content/uploads/2021/02/Screenshot_2021-02-20-AP20237553374361-webp-WEBP-Image-1280-×-720-pixels-min-1170x658.jpg]
[www.wiserworld.in/wp-content/uploads/2021/02/WhatsApp-Image-2021-02-14-at-2.29.39-PM-min-1170x658.jpg]
[www.wiserworld.in/alexei-navalny-critic-of-kremlin/index.html]
[www.wiserworld.in/category/regions/index.html]
[www.wiserworld.in/author/shreyasi-roy/index.html]
[www.wiserworld.in/category/regions/page/3/index.html]
[www.wiserworld.in/category/regions/page/2/index.html]
[www.wiserworld.in/wp-json/wp/v2/categories/962.json]
[www.wiserworld.in/category/regions/africa/feed/index.html]
[www.wiserworld.in/wp-content/uploads/2020/11/maxresdefault-1170x658.jpg]
[www.wiserworld.in/category/regions/page/9/index.html]
[www.wiserworld.in/ethiopian-political-turmoil-what-happens-next/index.html]
[www.wiserworld.in/wp-content/uploads/2020/09/gettyimages-1052115454-min-1170x781.jpg]
[www.wiserworld.in/wp-content/uploads/2020/08/WhatsApp-Image-2020-08-09-at-12.31.58-AM-min.jpg]
[www.wiserworld.in/understanding-the-malis-transition-of-power/index.html]
[www.wiserworld.in/wp-content/uploads/2020/08/WhatsApp-Image-2020-08-09-at-2.06.46-AM.jpg]
[www.wiserworld.in/category/regions/africa/index.html]
[www.wiserworld.in/category/regions/asia/index.html]
[www.wiserworld.in/category/regions/europe/index.html]
[www.wiserworld.in/category/regions/indian-subcontinent/index.html]
[www.wiserworld.in/category/regions/middle-east/index.html]
[www.wiserworld.in/category/regions/the-pacific-east-and-southeast-asia/index.html]
[www.wiserworld.in/category/regions/usa-and-canada/index.html]
[www.wiserworld.in/category/regions/world/index.html]
[www.wiserworld.in/category/topics/index.html]
[www.wiserworld.in/a-brief-introduction-to-south-africa/index.html]
[www.wiserworld.in/category/topics/art-culture/index.html]
[www.wiserworld.in/category/topics/climate-and-environment/index.html]
[www.wiserworld.in/category/topics/development/index.html]
[www.wiserworld.in/category/topics/defence-security/index.html]
[www.wiserworld.in/category/topics/food-and-agriculture/index.html]
[www.wiserworld.in/category/geopolitics/index.html]
[www.wiserworld.in/category/topics/development-partnership/index.html]
[www.wiserworld.in/category/topics/domestic-politics-governance/index.html]
[www.wiserworld.in/category/topics/politics-and-conflicts/index.html]
[www.wiserworld.in/category/topics/healthcare/index.html]
[www.wiserworld.in/category/law/index.html]
[www.wiserworld.in/category/topics/psychology/index.html]
[www.wiserworld.in/category/business/index.html]
